ARM Linker, 5.03 [Build 76] [MDK-ARM Lite]

==============================================================================

Section Cross References

    startup.o(STACK) refers (Special) to heapauxi.o(.text) for __use_two_region_memory
    startup.o(HEAP) refers (Special) to heapauxi.o(.text) for __use_two_region_memory
    startup.o(RESET) refers (Special) to heapauxi.o(.text) for __use_two_region_memory
    startup.o(RESET) refers to startup.o(STACK) for StackMem
    startup.o(RESET) refers to legendofzelda.o(i.SysTick_Handler) for SysTick_Handler
    startup.o(RESET) refers to timer0.o(i.Timer0A_Handler) for Timer0A_Handler
    startup.o(RESET) refers to timer1.o(i.Timer1A_Handler) for Timer1A_Handler
    startup.o(RESET) refers to texas.o(.text) for Timer4A_Handler
    startup.o(RESET) refers to __main.o(!!!main) for __main
    startup.o(.text) refers (Special) to heapauxi.o(.text) for __use_two_region_memory
    startup.o(.text) refers to startup.o(HEAP) for HeapMem
    startup.o(.text) refers to startup.o(STACK) for StackMem
    random.o(.text) refers to random.o(DATA) for M
    timer0.o(i.Timer0A_Handler) refers to timer0.o(.data) for PeriodicTask0
    timer0.o(i.Timer0_Init) refers to timer0.o(.data) for PeriodicTask0
    timer1.o(i.Timer1A_Handler) refers to timer1.o(.data) for PeriodicTask1
    timer1.o(i.Timer1_Init) refers to timer1.o(.data) for PeriodicTask1
    sound.o(i.Sound_Init) refers to dac.o(i.DAC_Init) for DAC_Init
    sound.o(i.Sound_Init) refers to timer1.o(i.Timer1_Init) for Timer1_Init
    sound.o(i.Sound_Init) refers to sound.o(i._soundTask) for _soundTask
    sound.o(i._soundTask) refers to dac.o(i.DAC_Out) for DAC_Out
    sound.o(i._soundTask) refers to sound.o(.data) for cur_sound
    sound.o(i._soundTask) refers to sound.o(.constdata) for Kill
    sound.o(i.playArrow) refers to sound.o(.data) for cur_sound
    sound.o(i.playBombBlow) refers to sound.o(.data) for cur_sound
    sound.o(i.playBossScream2) refers to sound.o(.data) for cur_sound
    sound.o(i.playDie) refers to sound.o(.data) for cur_sound
    sound.o(i.playGetHeart) refers to sound.o(.data) for cur_sound
    sound.o(i.playHit) refers to sound.o(.data) for cur_sound
    sound.o(i.playHurt) refers to sound.o(.data) for cur_sound
    sound.o(i.playKill) refers to sound.o(.data) for cur_sound
    sound.o(i.playMusic) refers to sound.o(.data) for cur_music
    sound.o(i.playSecret) refers to sound.o(.data) for cur_sound
    sound.o(i.playSword) refers to sound.o(.data) for cur_sound
    print.o(.text) refers (Special) to st7735.o(i.ST7735_OutString) for ST7735_OutString
    print.o(.text) refers to st7735.o(i.ST7735_OutChar) for ST7735_OutChar
    st7735.o(i.CleanRect) refers to st7735.o(i.setAddrWindow) for setAddrWindow
    st7735.o(i.CleanRect) refers to map.o(i.getMapTile) for getMapTile
    st7735.o(i.CleanRect) refers to lcd.o(.text) for writedata
    st7735.o(i.CleanRect) refers to st7735.o(.data) for _width
    st7735.o(i.Output_Clear) refers to st7735.o(i.ST7735_FillScreen) for ST7735_FillScreen
    st7735.o(i.Output_Color) refers to st7735.o(i.ST7735_SetTextColor) for ST7735_SetTextColor
    st7735.o(i.Output_Init) refers to st7735.o(i.ST7735_InitR) for ST7735_InitR
    st7735.o(i.Output_Init) refers to st7735.o(i.ST7735_FillScreen) for ST7735_FillScreen
    st7735.o(i.Output_Off) refers to st7735.o(i.Output_Clear) for Output_Clear
    st7735.o(i.Output_On) refers to st7735.o(i.Output_Init) for Output_Init
    st7735.o(i.ST7735_DrawBitmap) refers to st7735.o(i.setAddrWindow) for setAddrWindow
    st7735.o(i.ST7735_DrawBitmap) refers to lcd.o(.text) for writedata
    st7735.o(i.ST7735_DrawBitmap) refers to st7735.o(.data) for _width
    st7735.o(i.ST7735_DrawChar) refers to st7735.o(i.setAddrWindow) for setAddrWindow
    st7735.o(i.ST7735_DrawChar) refers to st7735.o(i.pushColor) for pushColor
    st7735.o(i.ST7735_DrawChar) refers to st7735.o(.data) for _width
    st7735.o(i.ST7735_DrawChar) refers to st7735.o(.constdata) for Font
    st7735.o(i.ST7735_DrawCharS) refers to st7735.o(i.ST7735_DrawPixel) for ST7735_DrawPixel
    st7735.o(i.ST7735_DrawCharS) refers to st7735.o(i.ST7735_FillRect) for ST7735_FillRect
    st7735.o(i.ST7735_DrawCharS) refers to st7735.o(.data) for _width
    st7735.o(i.ST7735_DrawCharS) refers to st7735.o(.constdata) for Font
    st7735.o(i.ST7735_DrawFastHLine) refers to st7735.o(i.setAddrWindow) for setAddrWindow
    st7735.o(i.ST7735_DrawFastHLine) refers to lcd.o(.text) for writedata
    st7735.o(i.ST7735_DrawFastHLine) refers to st7735.o(.data) for _width
    st7735.o(i.ST7735_DrawFastVLine) refers to st7735.o(i.setAddrWindow) for setAddrWindow
    st7735.o(i.ST7735_DrawFastVLine) refers to lcd.o(.text) for writedata
    st7735.o(i.ST7735_DrawFastVLine) refers to st7735.o(.data) for _width
    st7735.o(i.ST7735_DrawPixel) refers to st7735.o(i.setAddrWindow) for setAddrWindow
    st7735.o(i.ST7735_DrawPixel) refers to st7735.o(i.pushColor) for pushColor
[...]
    .ARM.Collect$$libinit$$00000011          0x0000033a   Section        0  libinit2.o(.ARM.Collect$$libinit$$00000011)
    .ARM.Collect$$libinit$$00000013          0x0000033a   Section        0  libinit2.o(.ARM.Collect$$libinit$$00000013)
    .ARM.Collect$$libinit$$00000015          0x0000033a   Section        0  libinit2.o(.ARM.Collect$$libinit$$00000015)
    .ARM.Collect$$libinit$$00000017          0x0000033a   Section        0  libinit2.o(.ARM.Collect$$libinit$$00000017)
    .ARM.Collect$$libinit$$00000019          0x0000033a   Section        0  libinit2.o(.ARM.Collect$$libinit$$00000019)
    .ARM.Collect$$libinit$$0000001B          0x0000033a   Section        0  libinit2.o(.ARM.Collect$$libinit$$0000001B)
    .ARM.Collect$$libinit$$0000001D          0x0000033a   Section        0  libinit2.o(.ARM.Collect$$libinit$$0000001D)
    .ARM.Collect$$libinit$$0000001F          0x0000033a   Section        0  libinit2.o(.ARM.Collect$$libinit$$0000001F)
    .ARM.Collect$$libinit$$00000021          0x0000033a   Section        0  libinit2.o(.ARM.Collect$$libinit$$00000021)
    .ARM.Collect$$libinit$$00000023          0x0000033a   Section        0  libinit2.o(.ARM.Collect$$libinit$$00000023)
    .ARM.Collect$$libinit$$0000002A          0x0000033a   Section        0  libinit2.o(.ARM.Collect$$libinit$$0000002A)
    .ARM.Collect$$libinit$$0000002C          0x0000033a   Section        0  libinit2.o(.ARM.Collect$$libinit$$0000002C)
    .ARM.Collect$$libinit$$0000002E          0x0000033a   Section        0  libinit2.o(.ARM.Collect$$libinit$$0000002E)
    .ARM.Collect$$libinit$$00000030          0x0000033a   Section        0  libinit2.o(.ARM.Collect$$libinit$$00000030)
    .ARM.Collect$$libinit$$00000031          0x0000033a   Section        2  libinit2.o(.ARM.Collect$$libinit$$00000031)
    .ARM.Collect$$libshutdown$$00000000      0x0000033c   Section        2  libshutdown.o(.ARM.Collect$$libshutdown$$00000000)
    .ARM.Collect$$libshutdown$$00000003      0x0000033e   Section        0  libshutdown2.o(.ARM.Collect$$libshutdown$$00000003)
    .ARM.Collect$$libshutdown$$00000006      0x0000033e   Section        0  libshutdown2.o(.ARM.Collect$$libshutdown$$00000006)
    .ARM.Collect$$libshutdown$$00000009      0x0000033e   Section        0  libshutdown2.o(.ARM.Collect$$libshutdown$$00000009)
    .ARM.Collect$$libshutdown$$0000000B      0x0000033e   Section        0  libshutdown2.o(.ARM.Collect$$libshutdown$$0000000B)
    .ARM.Collect$$libshutdown$$0000000E      0x0000033e   Section        0  libshutdown2.o(.ARM.Collect$$libshutdown$$0000000E)
    .ARM.Collect$$libshutdown$$0000000F      0x0000033e   Section        2  libshutdown2.o(.ARM.Collect$$libshutdown$$0000000F)
    .ARM.Collect$$rtentry$$00000000          0x00000340   Section        0  rtentry.o(.ARM.Collect$$rtentry$$00000000)
    .ARM.Collect$$rtentry$$00000002          0x00000340   Section        0  rtentry2.o(.ARM.Collect$$rtentry$$00000002)
    .ARM.Collect$$rtentry$$00000004          0x00000340   Section        6  rtentry4.o(.ARM.Collect$$rtentry$$00000004)
    .ARM.Collect$$rtentry$$00000009          0x00000346   Section        0  rtentry2.o(.ARM.Collect$$rtentry$$00000009)
    .ARM.Collect$$rtentry$$0000000A          0x00000346   Section        4  rtentry2.o(.ARM.Collect$$rtentry$$0000000A)
    .ARM.Collect$$rtentry$$0000000C          0x0000034a   Section        0  rtentry2.o(.ARM.Collect$$rtentry$$0000000C)
    .ARM.Collect$$rtentry$$0000000D          0x0000034a   Section        8  rtentry2.o(.ARM.Collect$$rtentry$$0000000D)
    .ARM.Collect$$rtexit$$00000000           0x00000352   Section        2  rtexit.o(.ARM.Collect$$rtexit$$00000000)
    .ARM.Collect$$rtexit$$00000002           0x00000354   Section        0  rtexit2.o(.ARM.Collect$$rtexit$$00000002)
    .ARM.Collect$$rtexit$$00000003           0x00000354   Section        4  rtexit2.o(.ARM.Collect$$rtexit$$00000003)
    .ARM.Collect$$rtexit$$00000004           0x00000358   Section        6  rtexit2.o(.ARM.Collect$$rtexit$$00000004)
    .text                                    0x00000360   Section       48  startup.o(.text)
    .text                                    0x00000390   Section       64  random.o(.text)
    .text                                    0x000003d0   Section       80  lcd.o(.text)
    .text                                    0x00000420   Section        0  texas.o(.text)
    .text                                    0x000008c0   Section      100  rt_memcpy_w.o(.text)
    .text                                    0x00000924   Section        0  heapauxi.o(.text)
    .text                                    0x0000092a   Section       74  sys_stackheap_outer.o(.text)
    .text                                    0x00000974   Section        0  exit.o(.text)
    .text                                    0x00000980   Section        8  libspace.o(.text)
    .text                                    0x00000988   Section        0  sys_exit.o(.text)
    .text                                    0x00000994   Section        2  use_no_semi.o(.text)
    .text                                    0x00000996   Section        0  indicate_semi.o(.text)
    i.ADC_In                                 0x00000998   Section        0  adc.o(i.ADC_In)
    i.ADC_Init                               0x000009c4   Section        0  adc.o(i.ADC_Init)
    i.Character_Item_World_Init              0x00000a90   Section        0  legendofzelda.o(i.Character_Item_World_Init)
    i.CleanRect                              0x00000bf0   Section        0  st7735.o(i.CleanRect)
    i.DAC_Init                               0x00000df4   Section        0  dac.o(i.DAC_Init)
    i.DAC_Out                                0x00000e4c   Section        0  dac.o(i.DAC_Out)
    i.Delay100ms                             0x00000e74   Section        0  legendofzelda.o(i.Delay100ms)
    i.Delay1ms                               0x00000e98   Section        0  st7735.o(i.Delay1ms)
    i.Generate_Sprite_Random                 0x00000eb8   Section        0  legendofzelda.o(i.Generate_Sprite_Random)
    i.Output_Init                            0x000010ac   Section        0  st7735.o(i.Output_Init)
    i.Play_Game                              0x000010bc   Section        0  legendofzelda.o(i.Play_Game)
    i.Port_Init                              0x0000151c   Section        0  legendofzelda.o(i.Port_Init)
    i.ST7735_DrawBitmap                      0x000015e8   Section        0  st7735.o(i.ST7735_DrawBitmap)
    i.ST7735_FillRect                        0x00001708   Section        0  st7735.o(i.ST7735_FillRect)
    i.ST7735_FillScreen                      0x000017b4   Section        0  st7735.o(i.ST7735_FillScreen)
    i.ST7735_InitR                           0x000017d8   Section        0  st7735.o(i.ST7735_InitR)
    i.ST7735_SetCursor                       0x00001854   Section        0  st7735.o(i.ST7735_SetCursor)
    i.Sound_Init                             0x00001874   Section        0  sound.o(i.Sound_Init)
    i.SpriteDraw                             0x0000188c   Section        0  st7735.o(i.SpriteDraw)
    i.SysTick_Handler                        0x00001abc   Section        0  legendofzelda.o(i.SysTick_Handler)
    i.SysTick_Init                           0x00001eb0   Section        0  systickints.o(i.SysTick_Init)
    i.Timer0A_Handler                        0x00001ef0   Section        0  timer0.o(i.Timer0A_Handler)
    i.Timer0_Init                            0x00001f08   Section        0  timer0.o(i.Timer0_Init)
    i.Timer1A_Handler                        0x00001f68   Section        0  timer1.o(i.Timer1A_Handler)
    i.Timer1_Init                            0x00001f80   Section        0  timer1.o(i.Timer1_Init)
    i._soundTask                             0x00001fe0   Section        0  sound.o(i._soundTask)
    i.bomb_Physics                           0x000022a0   Section        0  legendofzelda.o(i.bomb_Physics)
    i.canPlaceItem                           0x00002754   Section        0  grid.o(i.canPlaceItem)
    i.centerY                                0x000027a8   Section        0  sentence.o(i.centerY)
    i.checkAttacked                          0x000027bc   Section        0  sprites.o(i.checkAttacked)
    i.checkBombAttacked                      0x00002850   Section        0  sprites.o(i.checkBombAttacked)
    i.checkEnemyAttacked                     0x00002904   Section        0  sprites.o(i.checkEnemyAttacked)
    i.checkMove                              0x00002a1c   Section        0  grid.o(i.checkMove)
    i.cleanItem                              0x00002ac4   Section        0  items.o(i.cleanItem)
    i.cleanSprite                            0x00002b3c   Section        0  sprites.o(i.cleanSprite)
    i.clearGridPosition                      0x00002ba4   Section        0  grid.o(i.clearGridPosition)
    i.clearItemGrid                          0x00002c30   Section        0  grid.o(i.clearItemGrid)
    i.commandList                            0x00002c58   Section        0  st7735.o(i.commandList)
    commandList                              0x00002c59   Thumb Code    86  st7735.o(i.commandList)
    i.commonInit                             0x00002cb0   Section        0  st7735.o(i.commonInit)
    commonInit                               0x00002cb1   Thumb Code   340  st7735.o(i.commonInit)
    i.drawCharacter                          0x00002e34   Section        0  sentence.o(i.drawCharacter)
    i.drawCloud                              0x00002e76   Section        0  items.o(i.drawCloud)
    i.drawDoorItems                          0x00002f30   Section        0  items.o(i.drawDoorItems)
    i.drawFinalRoom                          0x000030c8   Section        0  items.o(i.drawFinalRoom)
    i.drawItem                               0x000030fa   Section        0  items.o(i.drawItem)
    i.drawMap                                0x00003124   Section        0  map.o(i.drawMap)
    i.drawNumber                             0x000031a8   Section        0  sentence.o(i.drawNumber)
    i.drawSelection                          0x0000322a   Section        0  items.o(i.drawSelection)
    i.drawSentence                           0x000033e4   Section        0  sentence.o(i.drawSentence)
    i.drawSprite                             0x00003418   Section        0  sprites.o(i.drawSprite)
    i.drawTile                               0x000034dc   Section        0  map.o(i.drawTile)
    i.floatRight                             0x00003530   Section        0  sentence.o(i.floatRight)
    i.getItem                                0x0000353c   Section        0  sprite_images.o(i.getItem)
    i.getLetter                              0x00003550   Section        0  sentence_images.o(i.getLetter)
    i.getMapTile                             0x00003560   Section        0  map.o(i.getMapTile)
    i.getNextMap                             0x0000358c   Section        0  grid.o(i.getNextMap)
    i.getNumber                              0x000035dc   Section        0  sentence_images.o(i.getNumber)
    i.getSprite                              0x000035ec   Section        0  sprite_images.o(i.getSprite)
    i.getSpriteLocationX                     0x00003610   Section        0  grid.o(i.getSpriteLocationX)
    i.getSpriteLocationY                     0x0000366c   Section        0  grid.o(i.getSpriteLocationY)
    i.getTile                                0x000036d0   Section        0  tiles.o(i.getTile)
    i.gridPositionX                          0x000036e0   Section        0  sprites.o(i.gridPositionX)
    i.gridPositionY                          0x000036e8   Section        0  sprites.o(i.gridPositionY)
    i.isLocationClear                        0x000036f0   Section        0  grid.o(i.isLocationClear)
    i.itemPickedUp                           0x00003708   Section        0  grid.o(i.itemPickedUp)
    i.main                                   0x00003764   Section        0  legendofzelda.o(i.main)
    i.moveSprite                             0x000039ec   Section        0  sprites.o(i.moveSprite)
    i.placeItem                              0x000039f8   Section        0  grid.o(i.placeItem)
    i.playBombBlow                           0x00003a78   Section        0  sound.o(i.playBombBlow)
    i.playBossScream2                        0x00003a90   Section        0  sound.o(i.playBossScream2)
    i.playDie                                0x00003aa8   Section        0  sound.o(i.playDie)
    i.playGetHeart                           0x00003ac0   Section        0  sound.o(i.playGetHeart)
    i.playHit                                0x00003ad8   Section        0  sound.o(i.playHit)
    i.playHurt                               0x00003af0   Section        0  sound.o(i.playHurt)
    i.playKill                               0x00003b08   Section        0  sound.o(i.playKill)
    i.playMusic                              0x00003b1c   Section        0  sound.o(i.playMusic)
    i.playSecret                             0x00003b58   Section        0  sound.o(i.playSecret)
    i.playSword                              0x00003b70   Section        0  sound.o(i.playSword)
    i.reDrawTile                             0x00003b88   Section        0  map.o(i.reDrawTile)
    i.setAddrWindow                          0x00003c50   Section        0  st7735.o(i.setAddrWindow)
    setAddrWindow                            0x00003c51   Thumb Code   106  st7735.o(i.setAddrWindow)
    i.setGrid                                0x00003cc4   Section        0  grid.o(i.setGrid)
    i.setGridPosition                        0x00003d84   Section        0  grid.o(i.setGridPosition)
    i.setSpriteAnimation                     0x00003e10   Section        0  sprites.o(i.setSpriteAnimation)
    i.setSpriteLocation                      0x00003ef0   Section        0  sprites.o(i.setSpriteLocation)
    i.setTimer                               0x0000400c   Section        0  sprites.o(i.setTimer)
    i.spriteAttack                           0x00004034   Section        0  sprites.o(i.spriteAttack)
    i.spriteInit                             0x00004194   Section        0  sprites.o(i.spriteInit)
    i.spriteMove                             0x00004234   Section        0  grid.o(i.spriteMove)
    i.update_Attack                          0x00004320   Section        0  legendofzelda.o(i.update_Attack)
    i.update_Hearts                          0x0000482c   Section        0  legendofzelda.o(i.update_Hearts)
    i.update_Items                           0x000048d4   Section        0  legendofzelda.o(i.update_Items)
    i.update_Map                             0x00004ab0   Section        0  legendofzelda.o(i.update_Map)
    i.update_Score                           0x00004f00   Section        0  legendofzelda.o(i.update_Score)
    i.update_Sprites                         0x00004f98   Section        0  legendofzelda.o(i.update_Sprites)
    i.use_Item                               0x00005264   Section        0  legendofzelda.o(i.use_Item)
    .constdata                               0x00005354   Section    163729  sound.o(.constdata)
    .constdata                               0x0002d2e5   Section     2018  st7735.o(.constdata)
    Font                                     0x0002d2e5   Data        1275  st7735.o(.constdata)
    Bcmd                                     0x0002d7e0   Data         103  st7735.o(.constdata)
    Rcmd1                                    0x0002d847   Data          59  st7735.o(.constdata)
    Rcmd2green                               0x0002d882   Data          13  st7735.o(.constdata)
    Rcmd2red                                 0x0002d88f   Data          13  st7735.o(.constdata)
    Rcmd3                                    0x0002d89c   Data          43  st7735.o(.constdata)
    .constdata                               0x0002dac8   Section    15872  tiles.o(.constdata)
    .constdata                               0x000318c8   Section    39716  sprite_images.o(.constdata)
    .constdata                               0x0003b3ec   Section     1800  sentence_images.o(.constdata)
    .constdata                               0x0003baf4   Section      240  texas.o(.constdata)
    .data                                    0x20000000   Section        4  timer0.o(.data)
    .data                                    0x20000004   Section        4  timer1.o(.data)
    .data                                    0x20000008   Section       58  sound.o(.data)
    previous                                 0x20000041   Data           1  sound.o(.data)
    .data                                    0x20000044   Section       44  st7735.o(.data)
    _width                                   0x2000004e   Data           2  st7735.o(.data)
    _height                                  0x20000050   Data           2  st7735.o(.data)
    ColStart                                 0x20000058   Data           1  st7735.o(.data)
    RowStart                                 0x20000059   Data           1  st7735.o(.data)
    Rotation                                 0x2000005a   Data           1  st7735.o(.data)
    TabColor                                 0x2000005b   Data           1  st7735.o(.data)
    .data                                    0x20000070   Section      592  legendofzelda.o(.data)
    .data                                    0x200002c0   Section      132  tiles.o(.data)
    .data                                    0x20000344   Section     2161  map.o(.data)
    .data                                    0x20000bb5   Section        2  grid.o(.data)
    .data                                    0x20000bb7   Section        2  sprites.o(.data)
    .data                                    0x20000bbc   Section      576  sprite_images.o(.data)
    .data                                    0x20000dfc   Section      144  sentence_images.o(.data)
    .data                                    0x20000e8c   Section       48  texas.o(.data)
    DATA                                     0x20000ebc   Section        4  random.o(DATA)
    M                                        0x20000ebc   Data           4  random.o(DATA)
    .bss                                     0x20000ec0   Section      320  grid.o(.bss)
    .bss                                     0x20001000   Section       56  texas.o(.bss)
    .bss                                     0x20001038   Section       96  libspace.o(.bss)
    HEAP                                     0x20001098   Section        0  startup.o(HEAP)
    STACK                                    0x20001098   Section     1024  startup.o(STACK)
    HeapMem                                  0x20001098   Data           0  startup.o(HEAP)
    StackMem                                 0x20001098   Data           0  startup.o(STACK)

    Global Symbols

    Symbol Name                              Value     Ov Type        Size  Object(Section)

    BuildAttributes$$THM_ISAv4$E$P$D$K$B$S$7EM$PE$A:L22UL41UL21$X:L11$S22US41US21$IEEE1$IW$USESV6$~STKCKD$USESV7$~SHL$OSPACE$ROPI$EBA8$UX$STANDARDLIB$REQ8$PRES8$EABIv2 0x00000000   Number         0  anon$$obj.o ABSOLUTE
    __ARM_use_no_argv                        0x00000000   Number         0  legendofzelda.o ABSOLUTE
    __Vectors                                0x00000000   Data           0  startup.o(RESET)
    __ARM_exceptions_init                     - Undefined Weak Reference
    __alloca_initialize                       - Undefined Weak Reference
    __cpp_initialize__aeabi_                  - Undefined Weak Reference
    __cxa_finalize                            - Undefined Weak Reference
    __rt_locale                               - Undefined Weak Reference
    __sigvec_lookup                           - Undefined Weak Reference
    _atexit_init                              - Undefined Weak Reference
    _call_atexit_fns                          - Undefined Weak Reference
    _clock_init                               - Undefined Weak Reference
    _fp_trap_init                             - Undefined Weak Reference
    _fp_trap_shutdown                         - Undefined Weak Reference
    _get_lc_collate                           - Undefined Weak Reference
    _get_lc_ctype                             - Undefined Weak Reference
    _get_lc_monetary                          - Undefined Weak Reference
    _get_lc_numeric                           - Undefined Weak Reference
    _get_lc_time                              - Undefined Weak Reference
    _getenv_init                              - Undefined Weak Reference
    _handle_redirection                       - Undefined Weak Reference
    _init_alloc                               - Undefined Weak Reference
    _init_user_alloc                          - Undefined Weak Reference
    _initio                                   - Undefined Weak Reference
    _rand_init                                - Undefined Weak Reference
    _signal_finish                            - Undefined Weak Reference
    _signal_init                              - Undefined Weak Reference
    _terminate_alloc                          - Undefined Weak Reference
    _terminate_user_alloc                     - Undefined Weak Reference
    _terminateio                              - Undefined Weak Reference
    Reset_Handler                            0x0000026d   Thumb Code     0  startup.o(RESET)
    NMI_Handler                              0x00000271   Thumb Code     2  startup.o(RESET)
    HardFault_Handler                        0x00000273   Thumb Code     2  startup.o(RESET)
    MemManage_Handler                        0x00000275   Thumb Code     2  startup.o(RESET)
    BusFault_Handler                         0x00000277   Thumb Code     2  startup.o(RESET)
    UsageFault_Handler                       0x00000279   Thumb Code     2  startup.o(RESET)
    SVC_Handler                              0x0000027b   Thumb Code     2  startup.o(RESET)
    DebugMon_Handler                         0x0000027d   Thumb Code     2  startup.o(RESET)
    PendSV_Handler                           0x0000027f   Thumb Code     2  startup.o(RESET)
    ADC0Seq0_Handler                         0x00000283   Thumb Code     0  startup.o(RESET)
    ADC0Seq1_Handler                         0x00000283   Thumb Code     0  startup.o(RESET)
    ADC0Seq2_Handler                         0x00000283   Thumb Code     0  startup.o(RESET)
    ADC0Seq3_Handler                         0x00000283   Thumb Code     0  startup.o(RESET)
    ADC1Seq0_Handler                         0x00000283   Thumb Code     0  startup.o(RESET)
    ADC1Seq1_Handler                         0x00000283   Thumb Code     0  startup.o(RESET)
    ADC1Seq2_Handler                         0x00000283   Thumb Code     0  startup.o(RESET)
    ADC1Seq3_Handler                         0x00000283   Thumb Code     0  startup.o(RESET)
    CAN0_Handler                             0x00000283   Thumb Code     0  startup.o(RESET)
    CAN1_Handler                             0x00000283   Thumb Code     0  startup.o(RESET)
    CAN2_Handler                             0x00000283   Thumb Code     0  startup.o(RESET)
    Comp0_Handler                            0x00000283   Thumb Code     0  startup.o(RESET)
    Comp1_Handler                            0x00000283   Thumb Code     0  startup.o(RESET)
    Comp2_Handler                            0x00000283   Thumb Code     0  startup.o(RESET)
    Ethernet_Handler                         0x00000283   Thumb Code     0  startup.o(RESET)
    ExtBus_Handler                           0x00000283   Thumb Code     0  startup.o(RESET)
    FPU_Handler                              0x00000283   Thumb Code     0  startup.o(RESET)
    Fan0_Handler                             0x00000283   Thumb Code     0  startup.o(RESET)
    FlashCtl_Handler                         0x00000283   Thumb Code     0  startup.o(RESET)
    GPIOPortA_Handler                        0x00000283   Thumb Code     0  startup.o(RESET)
    GPIOPortB_Handler                        0x00000283   Thumb Code     0  startup.o(RESET)
    GPIOPortC_Handler                        0x00000283   Thumb Code     0  startup.o(RESET)
    GPIOPortD_Handler                        0x00000283   Thumb Code     0  startup.o(RESET)
    GPIOPortE_Handler                        0x00000283   Thumb Code     0  startup.o(RESET)
    GPIOPortF_Handler                        0x00000283   Thumb Code     0  startup.o(RESET)
    GPIOPortG_Handler                        0x00000283   Thumb Code     0  startup.o(RESET)
    GPIOPortH_Handler                        0x00000283   Thumb Code     0  startup.o(RESET)
    GPIOPortJ_Handler                        0x00000283   Thumb Code     0  startup.o(RESET)
    GPIOPortK_Handler                        0x00000283   Thumb Code     0  startup.o(RESET)
    GPIOPortL_Handler                        0x00000283   Thumb Code     0  startup.o(RESET)
    GPIOPortM_Handler                        0x00000283   Thumb Code     0  startup.o(RESET)
    GPIOPortN_Handler                        0x00000283   Thumb Code     0  startup.o(RESET)
    GPIOPortP1_Handler                       0x00000283   Thumb Code     0  startup.o(RESET)
    GPIOPortP2_Handler                       0x00000283   Thumb Code     0  startup.o(RESET)
    GPIOPortP3_Handler                       0x00000283   Thumb Code     0  startup.o(RESET)
    GPIOPortP4_Handler                       0x00000283   Thumb Code     0  startup.o(RESET)
    GPIOPortP5_Handler                       0x00000283   Thumb Code     0  startup.o(RESET)
    GPIOPortP6_Handler                       0x00000283   Thumb Code     0  startup.o(RESET)
    GPIOPortP7_Handler                       0x00000283   Thumb Code     0  startup.o(RESET)
    GPIOPortP_Handler                        0x00000283   Thumb Code     0  startup.o(RESET)
    GPIOPortQ1_Handler                       0x00000283   Thumb Code     0  startup.o(RESET)
    GPIOPortQ2_Handler                       0x00000283   Thumb Code     0  startup.o(RESET)
    GPIOPortQ3_Handler                       0x00000283   Thumb Code     0  startup.o(RESET)
    GPIOPortQ4_Handler                       0x00000283   Thumb Code     0  startup.o(RESET)
    GPIOPortQ5_Handler                       0x00000283   Thumb Code     0  startup.o(RESET)
    GPIOPortQ6_Handler                       0x00000283   Thumb Code     0  startup.o(RESET)
    GPIOPortQ7_Handler                       0x00000283   Thumb Code     0  startup.o(RESET)
    GPIOPortQ_Handler                        0x00000283   Thumb Code     0  startup.o(RESET)
    GPIOPortR_Handler                        0x00000283   Thumb Code     0  startup.o(RESET)
    GPIOPortS_Handler                        0x00000283   Thumb Code     0  startup.o(RESET)
    Hibernate_Handler                        0x00000283   Thumb Code     0  startup.o(RESET)
    I2C0_Handler                             0x00000283   Thumb Code     0  startup.o(RESET)
    I2C1_Handler                             0x00000283   Thumb Code     0  startup.o(RESET)
    I2C2_Handler                             0x00000283   Thumb Code     0  startup.o(RESET)
    I2C3_Handler                             0x00000283   Thumb Code     0  startup.o(RESET)
    I2C4_Handler                             0x00000283   Thumb Code     0  startup.o(RESET)
    I2C5_Handler                             0x00000283   Thumb Code     0  startup.o(RESET)
    I2S0_Handler                             0x00000283   Thumb Code     0  startup.o(RESET)
    LPC0_Handler                             0x00000283   Thumb Code     0  startup.o(RESET)
    PECI0_Handler                            0x00000283   Thumb Code     0  startup.o(RESET)
    PWM0Fault_Handler                        0x00000283   Thumb Code     0  startup.o(RESET)
    PWM0Generator0_Handler                   0x00000283   Thumb Code     0  startup.o(RESET)
    PWM0Generator1_Handler                   0x00000283   Thumb Code     0  startup.o(RESET)
    PWM0Generator2_Handler                   0x00000283   Thumb Code     0  startup.o(RESET)
    PWM0Generator3_Handler                   0x00000283   Thumb Code     0  startup.o(RESET)
    PWM1Fault_Handler                        0x00000283   Thumb Code     0  startup.o(RESET)
    PWM1Generator0_Handler                   0x00000283   Thumb Code     0  startup.o(RESET)
    PWM1Generator1_Handler                   0x00000283   Thumb Code     0  startup.o(RESET)
    PWM1Generator2_Handler                   0x00000283   Thumb Code     0  startup.o(RESET)
    PWM1Generator3_Handler                   0x00000283   Thumb Code     0  startup.o(RESET)
    Quadrature0_Handler                      0x00000283   Thumb Code     0  startup.o(RESET)
    Quadrature1_Handler                      0x00000283   Thumb Code     0  startup.o(RESET)
    Quadrature2_Handler                      0x00000283   Thumb Code     0  startup.o(RESET)
    SSI0_Handler                             0x00000283   Thumb Code     0  startup.o(RESET)
    SSI1_Handler                             0x00000283   Thumb Code     0  startup.o(RESET)
    SSI2_Handler                             0x00000283   Thumb Code     0  startup.o(RESET)
    SSI3_Handler                             0x00000283   Thumb Code     0  startup.o(RESET)
    SysCtl_Handler                           0x00000283   Thumb Code     0  startup.o(RESET)
    Timer0B_Handler                          0x00000283   Thumb Code     0  startup.o(RESET)
    Timer1B_Handler                          0x00000283   Thumb Code     0  startup.o(RESET)
    Timer2A_Handler                          0x00000283   Thumb Code     0  startup.o(RESET)
    Timer2B_Handler                          0x00000283   Thumb Code     0  startup.o(RESET)
    Timer3A_Handler                          0x00000283   Thumb Code     0  startup.o(RESET)
    Timer3B_Handler                          0x00000283   Thumb Code     0  startup.o(RESET)
    Timer4B_Handler                          0x00000283   Thumb Code     0  startup.o(RESET)
    Timer5B_Handler                          0x00000283   Thumb Code     0  startup.o(RESET)
    UART0_Handler                            0x00000283   Thumb Code     0  startup.o(RESET)
    UART1_Handler                            0x00000283   Thumb Code     0  startup.o(RESET)
    UART2_Handler                            0x00000283   Thumb Code     0  startup.o(RESET)
    UART3_Handler                            0x00000283   Thumb Code     0  startup.o(RESET)
    UART4_Handler                            0x00000283   Thumb Code     0  startup.o(RESET)
    UART5_Handler                            0x00000283   Thumb Code     0  startup.o(RESET)
    UART6_Handler                            0x00000283   Thumb Code     0  startup.o(RESET)
    UART7_Handler                            0x00000283   Thumb Code     0  startup.o(RESET)
    USB0_Handler                             0x00000283   Thumb Code     0  startup.o(RESET)
    WDT_Handler                              0x00000283   Thumb Code     0  startup.o(RESET)
    WideTimer0A_Handler                      0x00000283   Thumb Code     0  startup.o(RESET)
    WideTimer0B_Handler                      0x00000283   Thumb Code     0  startup.o(RESET)
    WideTimer1A_Handler                      0x00000283   Thumb Code     0  startup.o(RESET)
    WideTimer1B_Handler                      0x00000283   Thumb Code     0  startup.o(RESET)
    WideTimer2A_Handler                      0x00000283   Thumb Code     0  startup.o(RESET)
    WideTimer2B_Handler                      0x00000283   Thumb Code     0  startup.o(RESET)
    WideTimer3A_Handler                      0x00000283   Thumb Code     0  startup.o(RESET)
    WideTimer3B_Handler                      0x00000283   Thumb Code     0  startup.o(RESET)
    WideTimer4A_Handler                      0x00000283   Thumb Code     0  startup.o(RESET)
    WideTimer4B_Handler                      0x00000283   Thumb Code     0  startup.o(RESET)
    WideTimer5A_Handler                      0x00000283   Thumb Code     0  startup.o(RESET)
    WideTimer5B_Handler                      0x00000283   Thumb Code     0  startup.o(RESET)
    uDMA_Error                               0x00000283   Thumb Code     0  startup.o(RESET)
    uDMA_Handler                             0x00000283   Thumb Code     0  startup.o(RESET)
    __main                                   0x00000285   Thumb Code     8  __main.o(!!!main)
    __scatterload                            0x0000028d   Thumb Code     0  __scatter.o(!!!scatter)
    __scatterload_rt2                        0x0000028d   Thumb Code    44  __scatter.o(!!!scatter)
    __scatterload_rt2_thumb_only             0x0000028d   Thumb Code     0  __scatter.o(!!!scatter)
    __scatterload_null                       0x0000029b   Thumb Code     0  __scatter.o(!!!scatter)
    __decompress                             0x000002c1   Thumb Code    90  __dczerorl2.o(!!dczerorl2)
    __decompress1                            0x000002c1   Thumb Code     0  __dczerorl2.o(!!dczerorl2)
    __scatterload_zeroinit                   0x0000031d   Thumb Code    28  __scatter_zi.o(!!handler_zi)
    __rt_lib_init                            0x00000339   Thumb Code     0  libinit.o(.ARM.Collect$$libinit$$00000000)
    __rt_lib_init_alloca_1                   0x0000033b   Thumb Code     0  libinit2.o(.ARM.Collect$$libinit$$0000002C)
    __rt_lib_init_argv_1                     0x0000033b   Thumb Code     0  libinit2.o(.ARM.Collect$$libinit$$0000002A)
    __rt_lib_init_atexit_1                   0x0000033b   Thumb Code     0  libinit2.o(.ARM.Collect$$libinit$$00000019)
    __rt_lib_init_clock_1                    0x0000033b   Thumb Code     0  libinit2.o(.ARM.Collect$$libinit$$0000001F)
    __rt_lib_init_cpp_1                      0x0000033b   Thumb Code     0  libinit2.o(.ARM.Collect$$libinit$$00000030)
    __rt_lib_init_exceptions_1               0x0000033b   Thumb Code     0  libinit2.o(.ARM.Collect$$libinit$$0000002E)
    __rt_lib_init_fp_1                       0x0000033b   Thumb Code     0  libinit2.o(.ARM.Collect$$libinit$$00000002)
    __rt_lib_init_fp_trap_1                  0x0000033b   Thumb Code     0  libinit2.o(.ARM.Collect$$libinit$$0000001D)
    __rt_lib_init_getenv_1                   0x0000033b   Thumb Code     0  libinit2.o(.ARM.Collect$$libinit$$00000021)
    __rt_lib_init_heap_1                     0x0000033b   Thumb Code     0  libinit2.o(.ARM.Collect$$libinit$$00000008)
    __rt_lib_init_lc_collate_1               0x0000033b   Thumb Code     0  libinit2.o(.ARM.Collect$$libinit$$0000000F)
    __rt_lib_init_lc_ctype_1                 0x0000033b   Thumb Code     0  libinit2.o(.ARM.Collect$$libinit$$00000011)
    __rt_lib_init_lc_monetary_1              0x0000033b   Thumb Code     0  libinit2.o(.ARM.Collect$$libinit$$00000013)
    __rt_lib_init_lc_numeric_1               0x0000033b   Thumb Code     0  libinit2.o(.ARM.Collect$$libinit$$00000015)
    __rt_lib_init_lc_time_1                  0x0000033b   Thumb Code     0  libinit2.o(.ARM.Collect$$libinit$$00000017)
    __rt_lib_init_rand_1                     0x0000033b   Thumb Code     0  libinit2.o(.ARM.Collect$$libinit$$0000000C)
    __rt_lib_init_return                     0x0000033b   Thumb Code     0  libinit2.o(.ARM.Collect$$libinit$$00000031)
    __rt_lib_init_signal_1                   0x0000033b   Thumb Code     0  libinit2.o(.ARM.Collect$$libinit$$0000001B)
    __rt_lib_init_stdio_1                    0x0000033b   Thumb Code     0  libinit2.o(.ARM.Collect$$libinit$$00000023)
    __rt_lib_init_user_alloc_1               0x0000033b   Thumb Code     0  libinit2.o(.ARM.Collect$$libinit$$0000000A)
    __rt_lib_shutdown                        0x0000033d   Thumb Code     0  libshutdown.o(.ARM.Collect$$libshutdown$$00000000)
    __rt_lib_shutdown_fp_trap_1              0x0000033f   Thumb Code     0  libshutdown2.o(.ARM.Collect$$libshutdown$$00000006)
    __rt_lib_shutdown_heap_1                 0x0000033f   Thumb Code     0  libshutdown2.o(.ARM.Collect$$libshutdown$$0000000E)
    __rt_lib_shutdown_return                 0x0000033f   Thumb Code     0  libshutdown2.o(.ARM.Collect$$libshutdown$$0000000F)
    __rt_lib_shutdown_signal_1               0x0000033f   Thumb Code     0  libshutdown2.o(.ARM.Collect$$libshutdown$$00000009)
    __rt_lib_shutdown_stdio_1                0x0000033f   Thumb Code     0  libshutdown2.o(.ARM.Collect$$libshutdown$$00000003)
    __rt_lib_shutdown_user_alloc_1           0x0000033f   Thumb Code     0  libshutdown2.o(.ARM.Collect$$libshutdown$$0000000B)
    __rt_entry                               0x00000341   Thumb Code     0  rtentry.o(.ARM.Collect$$rtentry$$00000000)
    __rt_entry_presh_1                       0x00000341   Thumb Code     0  rtentry2.o(.ARM.Collect$$rtentry$$00000002)
    __rt_entry_sh                            0x00000341   Thumb Code     0  rtentry4.o(.ARM.Collect$$rtentry$$00000004)
    __rt_entry_li                            0x00000347   Thumb Code     0  rtentry2.o(.ARM.Collect$$rtentry$$0000000A)
    __rt_entry_postsh_1                      0x00000347   Thumb Code     0  rtentry2.o(.ARM.Collect$$rtentry$$00000009)
    __rt_entry_main                          0x0000034b   Thumb Code     0  rtentry2.o(.ARM.Collect$$rtentry$$0000000D)
    __rt_entry_postli_1                      0x0000034b   Thumb Code     0  rtentry2.o(.ARM.Collect$$rtentry$$0000000C)
    __rt_exit                                0x00000353   Thumb Code     0  rtexit.o(.ARM.Collect$$rtexit$$00000000)
    __rt_exit_ls                             0x00000355   Thumb Code     0  rtexit2.o(.ARM.Collect$$rtexit$$00000003)
    __rt_exit_prels_1                        0x00000355   Thumb Code     0  rtexit2.o(.ARM.Collect$$rtexit$$00000002)
    __rt_exit_exit                           0x00000359   Thumb Code     0  rtexit2.o(.ARM.Collect$$rtexit$$00000004)
    DisableInterrupts                        0x00000361   Thumb Code     0  startup.o(.text)
    EnableInterrupts                         0x00000365   Thumb Code     0  startup.o(.text)
    StartCritical                            0x00000369   Thumb Code     0  startup.o(.text)
    EndCritical                              0x00000371   Thumb Code     0  startup.o(.text)
    WaitForInterrupt                         0x00000377   Thumb Code     0  startup.o(.text)
    __user_initial_stackheap                 0x0000037b   Thumb Code     0  startup.o(.text)
    Random_Init                              0x00000391   Thumb Code     0  random.o(.text)
    Random32                                 0x0000039b   Thumb Code     2  random.o(.text)
    Random                                   0x000003ad   Thumb Code     2  random.o(.text)
    writecommand                             0x000003d1   Thumb Code     0  lcd.o(.text)
    writedata                                0x000003f7   Thumb Code     0  lcd.o(.text)
    ADC1_Init                                0x00000421   Thumb Code   170  texas.o(.text)
    SetCode                                  0x000004cb   Thumb Code    20  texas.o(.text)
    UART0_Init                               0x000004df   Thumb Code   162  texas.o(.text)
    SetCourse                                0x00000581   Thumb Code    22  texas.o(.text)
    PLL_Init                                 0x00000597   Thumb Code   118  texas.o(.text)
    TExaS_Init                               0x0000060d   Thumb Code   282  texas.o(.text)
    StopTimer4                               0x00000727   Thumb Code    16  texas.o(.text)
    StartTimer4                              0x00000737   Thumb Code    24  texas.o(.text)
    Timer4A_Handler                          0x0000074f   Thumb Code    20  texas.o(.text)
    ADC1_In                                  0x00000763   Thumb Code     6  texas.o(.text)
    Timer5A_Handler                          0x00000769   Thumb Code    34  texas.o(.text)
    TExaS_Stop                               0x0000078b   Thumb Code    18  texas.o(.text)
    copy                                     0x0000079d   Thumb Code    16  texas.o(.text)
    SetMode                                  0x000007ad   Thumb Code    22  texas.o(.text)
    UART0_InChar                             0x000007c3   Thumb Code    20  texas.o(.text)
    UART0_InCharNonBlocking                  0x000007d7   Thumb Code    22  texas.o(.text)
    UART0_OutChar                            0x000007ed   Thumb Code   200  texas.o(.text)
    UART0_OutCharNonBlock                    0x000008b5   Thumb Code     6  texas.o(.text)
    __aeabi_memcpy4                          0x000008c1   Thumb Code     0  rt_memcpy_w.o(.text)
    __aeabi_memcpy8                          0x000008c1   Thumb Code     0  rt_memcpy_w.o(.text)
    __rt_memcpy_w                            0x000008c1   Thumb Code   100  rt_memcpy_w.o(.text)
    _memcpy_lastbytes_aligned                0x00000909   Thumb Code     0  rt_memcpy_w.o(.text)
    __use_two_region_memory                  0x00000925   Thumb Code     2  heapauxi.o(.text)
    __rt_heap_escrow$2region                 0x00000927   Thumb Code     2  heapauxi.o(.text)
    __rt_heap_expand$2region                 0x00000929   Thumb Code     2  heapauxi.o(.text)
    __user_setup_stackheap                   0x0000092b   Thumb Code    74  sys_stackheap_outer.o(.text)
    exit                                     0x00000975   Thumb Code    12  exit.o(.text)
    __user_libspace                          0x00000981   Thumb Code     8  libspace.o(.text)
    __user_perproc_libspace                  0x00000981   Thumb Code     0  libspace.o(.text)
    __user_perthread_libspace                0x00000981   Thumb Code     0  libspace.o(.text)
    _sys_exit                                0x00000989   Thumb Code     8  sys_exit.o(.text)
    __I$use$semihosting                      0x00000995   Thumb Code     0  use_no_semi.o(.text)
    __use_no_semihosting_swi                 0x00000995   Thumb Code     2  use_no_semi.o(.text)
    __semihosting_library_function           0x00000997   Thumb Code     0  indicate_semi.o(.text)
    ADC_In                                   0x00000999   Thumb Code    36  adc.o(i.ADC_In)
    ADC_Init                                 0x000009c5   Thumb Code   168  adc.o(i.ADC_Init)
    Character_Item_World_Init                0x00000a91   Thumb Code   328  legendofzelda.o(i.Character_Item_World_Init)
    CleanRect                                0x00000bf1   Thumb Code   506  st7735.o(i.CleanRect)
    DAC_Init                                 0x00000df5   Thumb Code    80  dac.o(i.DAC_Init)
    DAC_Out                                  0x00000e4d   Thumb Code    30  dac.o(i.DAC_Out)
    Delay100ms                               0x00000e75   Thumb Code    30  legendofzelda.o(i.Delay100ms)
    Delay1ms                                 0x00000e99   Thumb Code    32  st7735.o(i.Delay1ms)
    Generate_Sprite_Random                   0x00000eb9   Thumb Code   482  legendofzelda.o(i.Generate_Sprite_Random)
    Output_Init                              0x000010ad   Thumb Code    16  st7735.o(i.Output_Init)
    Play_Game                                0x000010bd   Thumb Code   980  legendofzelda.o(i.Play_Game)
    Port_Init                                0x0000151d   Thumb Code   178  legendofzelda.o(i.Port_Init)
    ST7735_DrawBitmap                        0x000015e9   Thumb Code   280  st7735.o(i.ST7735_DrawBitmap)
    ST7735_FillRect                          0x00001709   Thumb Code   164  st7735.o(i.ST7735_FillRect)
    ST7735_FillScreen                        0x000017b5   Thumb Code    28  st7735.o(i.ST7735_FillScreen)
    ST7735_InitR                             0x000017d9   Thumb Code    90  st7735.o(i.ST7735_InitR)
    ST7735_SetCursor                         0x00001855   Thumb Code    22  st7735.o(i.ST7735_SetCursor)
    Sound_Init                               0x00001875   Thumb Code    18  sound.o(i.Sound_Init)
    SpriteDraw                               0x0000188d   Thumb Code   550  st7735.o(i.SpriteDraw)
    SysTick_Handler                          0x00001abd   Thumb Code   920  legendofzelda.o(i.SysTick_Handler)
    SysTick_Init                             0x00001eb1   Thumb Code    58  systickints.o(i.SysTick_Init)
    Timer0A_Handler                          0x00001ef1   Thumb Code    16  timer0.o(i.Timer0A_Handler)
    Timer0_Init                              0x00001f09   Thumb Code    76  timer0.o(i.Timer0_Init)
    Timer1A_Handler                          0x00001f69   Thumb Code    16  timer1.o(i.Timer1A_Handler)
    Timer1_Init                              0x00001f81   Thumb Code    76  timer1.o(i.Timer1_Init)
    _soundTask                               0x00001fe1   Thumb Code   592  sound.o(i._soundTask)
    bomb_Physics                             0x000022a1   Thumb Code  1176  legendofzelda.o(i.bomb_Physics)
    canPlaceItem                             0x00002755   Thumb Code    74  grid.o(i.canPlaceItem)
    centerY                                  0x000027a9   Thumb Code    20  sentence.o(i.centerY)
    checkAttacked                            0x000027bd   Thumb Code   148  sprites.o(i.checkAttacked)
    checkBombAttacked                        0x00002851   Thumb Code   180  sprites.o(i.checkBombAttacked)
    checkEnemyAttacked                       0x00002905   Thumb Code   280  sprites.o(i.checkEnemyAttacked)
    checkMove                                0x00002a1d   Thumb Code   150  grid.o(i.checkMove)
    cleanItem                                0x00002ac5   Thumb Code   120  items.o(i.cleanItem)
    cleanSprite                              0x00002b3d   Thumb Code   102  sprites.o(i.cleanSprite)
    clearGridPosition                        0x00002ba5   Thumb Code   124  grid.o(i.clearGridPosition)
    clearItemGrid                            0x00002c31   Thumb Code    36  grid.o(i.clearItemGrid)
    drawCharacter                            0x00002e35   Thumb Code    66  sentence.o(i.drawCharacter)
    drawCloud                                0x00002e77   Thumb Code   186  items.o(i.drawCloud)
    drawDoorItems                            0x00002f31   Thumb Code   376  items.o(i.drawDoorItems)
    drawFinalRoom                            0x000030c9   Thumb Code    50  items.o(i.drawFinalRoom)
    drawItem                                 0x000030fb   Thumb Code    42  items.o(i.drawItem)
    drawMap                                  0x00003125   Thumb Code   122  map.o(i.drawMap)
    drawNumber                               0x000031a9   Thumb Code   130  sentence.o(i.drawNumber)
    drawSelection                            0x0000322b   Thumb Code   442  items.o(i.drawSelection)
    drawSentence                             0x000033e5   Thumb Code    52  sentence.o(i.drawSentence)
    drawSprite                               0x00003419   Thumb Code   192  sprites.o(i.drawSprite)
    drawTile                                 0x000034dd   Thumb Code    76  map.o(i.drawTile)
    floatRight                               0x00003531   Thumb Code    12  sentence.o(i.floatRight)
    getItem                                  0x0000353d   Thumb Code    14  sprite_images.o(i.getItem)
    getLetter                                0x00003551   Thumb Code    10  sentence_images.o(i.getLetter)
    getMapTile                               0x00003561   Thumb Code    34  map.o(i.getMapTile)
    getNextMap                               0x0000358d   Thumb Code    70  grid.o(i.getNextMap)
    getNumber                                0x000035dd   Thumb Code    10  sentence_images.o(i.getNumber)
    getSprite                                0x000035ed   Thumb Code    30  sprite_images.o(i.getSprite)
    getSpriteLocationX                       0x00003611   Thumb Code    80  grid.o(i.getSpriteLocationX)
    getSpriteLocationY                       0x0000366d   Thumb Code    86  grid.o(i.getSpriteLocationY)
    getTile                                  0x000036d1   Thumb Code    10  tiles.o(i.getTile)
    gridPositionX                            0x000036e1   Thumb Code     8  sprites.o(i.gridPositionX)
    gridPositionY                            0x000036e9   Thumb Code     8  sprites.o(i.gridPositionY)
    isLocationClear                          0x000036f1   Thumb Code    20  grid.o(i.isLocationClear)
    itemPickedUp                             0x00003709   Thumb Code    78  grid.o(i.itemPickedUp)
    main                                     0x00003765   Thumb Code   572  legendofzelda.o(i.main)
    moveSprite                               0x000039ed   Thumb Code     8  sprites.o(i.moveSprite)
    placeItem                                0x000039f9   Thumb Code   120  grid.o(i.placeItem)
    playBombBlow                             0x00003a79   Thumb Code    14  sound.o(i.playBombBlow)
    playBossScream2                          0x00003a91   Thumb Code    14  sound.o(i.playBossScream2)
    playDie                                  0x00003aa9   Thumb Code    14  sound.o(i.playDie)
    playGetHeart                             0x00003ac1   Thumb Code    14  sound.o(i.playGetHeart)
    playHit                                  0x00003ad9   Thumb Code    14  sound.o(i.playHit)
    playHurt                                 0x00003af1   Thumb Code    14  sound.o(i.playHurt)
    playKill                                 0x00003b09   Thumb Code    12  sound.o(i.playKill)
    playMusic                                0x00003b1d   Thumb Code    38  sound.o(i.playMusic)
    playSecret                               0x00003b59   Thumb Code    14  sound.o(i.playSecret)
    playSword                                0x00003b71   Thumb Code    14  sound.o(i.playSword)
    reDrawTile                               0x00003b89   Thumb Code   192  map.o(i.reDrawTile)
    setGrid                                  0x00003cc5   Thumb Code   176  grid.o(i.setGrid)
    setGridPosition                          0x00003d85   Thumb Code   124  grid.o(i.setGridPosition)
    setSpriteAnimation                       0x00003e11   Thumb Code   220  sprites.o(i.setSpriteAnimation)
    setSpriteLocation                        0x00003ef1   Thumb Code   276  sprites.o(i.setSpriteLocation)
    setTimer                                 0x0000400d   Thumb Code    30  sprites.o(i.setTimer)
    spriteAttack                             0x00004035   Thumb Code   340  sprites.o(i.spriteAttack)
    spriteInit                               0x00004195   Thumb Code   160  sprites.o(i.spriteInit)
    spriteMove                               0x00004235   Thumb Code   222  grid.o(i.spriteMove)
    update_Attack                            0x00004321   Thumb Code  1262  legendofzelda.o(i.update_Attack)
    update_Hearts                            0x0000482d   Thumb Code   158  legendofzelda.o(i.update_Hearts)
    update_Items                             0x000048d5   Thumb Code   438  legendofzelda.o(i.update_Items)
    update_Map                               0x00004ab1   Thumb Code  1100  legendofzelda.o(i.update_Map)
    update_Score                             0x00004f01   Thumb Code   136  legendofzelda.o(i.update_Score)
    update_Sprites                           0x00004f99   Thumb Code   674  legendofzelda.o(i.update_Sprites)
    use_Item                                 0x00005265   Thumb Code   208  legendofzelda.o(i.use_Item)
    Kill                                     0x00005354   Data        2049  sound.o(.constdata)
    Sword                                    0x00005b55   Data        1671  sound.o(.constdata)
    Hit                                      0x000061dc   Data        2695  sound.o(.constdata)
    Hurt                                     0x00006c63   Data         754  sound.o(.constdata)
    GetHeart                                 0x00006f55   Data        1140  sound.o(.constdata)
    Arrow                                    0x000073c9   Data         868  sound.o(.constdata)
    BombBlow                                 0x0000772d   Data        4221  sound.o(.constdata)
    BossScream2                              0x000087aa   Data        8367  sound.o(.constdata)
    Die                                      0x0000a859   Data       27776  sound.o(.constdata)
    Secret                                   0x000114d9   Data       17827  sound.o(.constdata)
    Intro                                    0x00015a7c   Data       30359  sound.o(.constdata)
    Overworld                                0x0001d113   Data       35632  sound.o(.constdata)
    Dungeon                                  0x00025c43   Data       30370  sound.o(.constdata)
    dBfs                                     0x0002d8c7   Data         512  st7735.o(.constdata)
    overBLBush                               0x0002dac8   Data         512  tiles.o(.constdata)
    overBMBush                               0x0002dcc8   Data         512  tiles.o(.constdata)
    overBRBush                               0x0002dec8   Data         512  tiles.o(.constdata)
    overDoor                                 0x0002e0c8   Data         512  tiles.o(.constdata)
    overFloor                                0x0002e2c8   Data         512  tiles.o(.constdata)
    overTLBush                               0x0002e4c8   Data         512  tiles.o(.constdata)
    overTMBush                               0x0002e6c8   Data         512  tiles.o(.constdata)
    overTRBush                               0x0002e8c8   Data         512  tiles.o(.constdata)
    dungTile                                 0x0002eac8   Data         512  tiles.o(.constdata)
    Bush                                     0x0002ecc8   Data         512  tiles.o(.constdata)
    faceBush                                 0x0002eec8   Data         512  tiles.o(.constdata)
    BfaceBush                                0x0002f0c8   Data         512  tiles.o(.constdata)
    overBBushB                               0x0002f2c8   Data         512  tiles.o(.constdata)
    overBLBushB                              0x0002f4c8   Data         512  tiles.o(.constdata)
    overBRBushB                              0x0002f6c8   Data         512  tiles.o(.constdata)
    overTBushB                               0x0002f8c8   Data         512  tiles.o(.constdata)
    overTLBushB                              0x0002fac8   Data         512  tiles.o(.constdata)
    overTRBushB                              0x0002fcc8   Data         512  tiles.o(.constdata)
    BBush                                    0x0002fec8   Data         512  tiles.o(.constdata)
    TOpen                                    0x000300c8   Data         512  tiles.o(.constdata)
    BROpen                                   0x000302c8   Data         512  tiles.o(.constdata)
    TROpen                                   0x000304c8   Data         512  tiles.o(.constdata)
    TLOpen                                   0x000306c8   Data         512  tiles.o(.constdata)
    BLOpen                                   0x000308c8   Data         512  tiles.o(.constdata)
    GFloor                                   0x00030ac8   Data         512  tiles.o(.constdata)
    BBushG                                   0x00030cc8   Data         512  tiles.o(.constdata)
    TLBushG                                  0x00030ec8   Data         512  tiles.o(.constdata)
    TBushG                                   0x000310c8   Data         512  tiles.o(.constdata)
    TRBushG                                  0x000312c8   Data         512  tiles.o(.constdata)
    TMOpen                                   0x000314c8   Data         512  tiles.o(.constdata)
    TrapG                                    0x000316c8   Data         512  tiles.o(.constdata)
    LinkN                                    0x000318c8   Data         480  sprite_images.o(.constdata)
    LinkNAni                                 0x00031aa8   Data         480  sprite_images.o(.constdata)
    LinkE                                    0x00031c88   Data         480  sprite_images.o(.constdata)
    LinkEAni                                 0x00031e68   Data         480  sprite_images.o(.constdata)
    LinkS                                    0x00032048   Data         480  sprite_images.o(.constdata)
    LinkSAni                                 0x00032228   Data         480  sprite_images.o(.constdata)
    LinkW                                    0x00032408   Data         480  sprite_images.o(.constdata)
    LinkWAni                                 0x000325e8   Data         480  sprite_images.o(.constdata)
    LinkAttackN1                             0x000327c8   Data         864  sprite_images.o(.constdata)
    LinkAttackN2                             0x00032b28   Data         864  sprite_images.o(.constdata)
    LinkAttackN3                             0x00032e88   Data         864  sprite_images.o(.constdata)
    LinkAttackE1                             0x000331e8   Data         864  sprite_images.o(.constdata)
    LinkAttackE2                             0x00033548   Data         864  sprite_images.o(.constdata)
    LinkAttackE3                             0x000338a8   Data         864  sprite_images.o(.constdata)
    LinkAttackS1                             0x00033c08   Data         864  sprite_images.o(.constdata)
    LinkAttackS2                             0x00033f68   Data         864  sprite_images.o(.constdata)
    LinkAttackS3                             0x000342c8   Data         864  sprite_images.o(.constdata)
    LinkAttackW1                             0x00034628   Data         864  sprite_images.o(.constdata)
    LinkAttackW2                             0x00034988   Data         864  sprite_images.o(.constdata)
    LinkAttackW3                             0x00034ce8   Data         864  sprite_images.o(.constdata)
    OctoN                                    0x00035048   Data         512  sprite_images.o(.constdata)
    OctoE                                    0x00035248   Data         512  sprite_images.o(.constdata)
    OctoS                                    0x00035448   Data         512  sprite_images.o(.constdata)
    OctoW                                    0x00035648   Data         512  sprite_images.o(.constdata)
    OctoNAni                                 0x00035848   Data         512  sprite_images.o(.constdata)
    OctoEAni                                 0x00035a48   Data         512  sprite_images.o(.constdata)
    OctoSAni                                 0x00035c48   Data         512  sprite_images.o(.constdata)
    OctoWAni                                 0x00035e48   Data         512  sprite_images.o(.constdata)
    MobN                                     0x00036048   Data         512  sprite_images.o(.constdata)
    MobE                                     0x00036248   Data         512  sprite_images.o(.constdata)
    MobS                                     0x00036448   Data         512  sprite_images.o(.constdata)
    MobW                                     0x00036648   Data         512  sprite_images.o(.constdata)
    MobNAni                                  0x00036848   Data         512  sprite_images.o(.constdata)
    MobEAni                                  0x00036a48   Data         512  sprite_images.o(.constdata)
    MobSAni                                  0x00036c48   Data         512  sprite_images.o(.constdata)
    MobWAni                                  0x00036e48   Data         512  sprite_images.o(.constdata)
    DarkN                                    0x00037048   Data         512  sprite_images.o(.constdata)
    DarkE                                    0x00037248   Data         512  sprite_images.o(.constdata)
    DarkS                                    0x00037448   Data         512  sprite_images.o(.constdata)
    DarkW                                    0x00037648   Data         512  sprite_images.o(.constdata)
    DarkWAni                                 0x00037848   Data         512  sprite_images.o(.constdata)
    DarkSAni                                 0x00037a48   Data         512  sprite_images.o(.constdata)
    DarkEAni                                 0x00037c48   Data         512  sprite_images.o(.constdata)
    DarkNAni                                 0x00037e48   Data         512  sprite_images.o(.constdata)
    GanonB                                   0x00038048   Data        4608  sprite_images.o(.constdata)
    BGanon                                   0x00039248   Data        4608  sprite_images.o(.constdata)
    Triforce                                 0x0003a448   Data         288  sprite_images.o(.constdata)
    ItemHeart                                0x0003a568   Data          60  sprite_images.o(.constdata)
    TriforceUp                               0x0003a5a4   Data          50  sprite_images.o(.constdata)
    TriforceDown                             0x0003a5d6   Data          50  sprite_images.o(.constdata)
    Bomb                                     0x0003a608   Data         168  sprite_images.o(.constdata)
    BombCloud                                0x0003a6b0   Data         512  sprite_images.o(.constdata)
    BlackBomb                                0x0003a8b0   Data         168  sprite_images.o(.constdata)
    Potion                                   0x0003a958   Data         144  sprite_images.o(.constdata)
    BlackPotion                              0x0003a9e8   Data         144  sprite_images.o(.constdata)
    Fire                                     0x0003aa78   Data         512  sprite_images.o(.constdata)
    FireAni                                  0x0003ac78   Data         512  sprite_images.o(.constdata)
    OldMan                                   0x0003ae78   Data         512  sprite_images.o(.constdata)
    MagicalSword                             0x0003b078   Data         256  sprite_images.o(.constdata)
    PrincessZelda                            0x0003b178   Data         448  sprite_images.o(.constdata)
    Heart                                    0x0003b338   Data          60  sprite_images.o(.constdata)
    HalfHeart                                0x0003b374   Data          60  sprite_images.o(.constdata)
    EmptyHeart                               0x0003b3b0   Data          60  sprite_images.o(.constdata)
    A                                        0x0003b3ec   Data          50  sentence_images.o(.constdata)
    B                                        0x0003b41e   Data          50  sentence_images.o(.constdata)
    C                                        0x0003b450   Data          50  sentence_images.o(.constdata)
    D                                        0x0003b482   Data          50  sentence_images.o(.constdata)
    E                                        0x0003b4b4   Data          50  sentence_images.o(.constdata)
    F                                        0x0003b4e6   Data          50  sentence_images.o(.constdata)
    G                                        0x0003b518   Data          50  sentence_images.o(.constdata)
    H                                        0x0003b54a   Data          50  sentence_images.o(.constdata)
    I                                        0x0003b57c   Data          50  sentence_images.o(.constdata)
    J                                        0x0003b5ae   Data          50  sentence_images.o(.constdata)
    K                                        0x0003b5e0   Data          50  sentence_images.o(.constdata)
    L                                        0x0003b612   Data          50  sentence_images.o(.constdata)
    M                                        0x0003b644   Data          50  sentence_images.o(.constdata)
    N                                        0x0003b676   Data          50  sentence_images.o(.constdata)
    O                                        0x0003b6a8   Data          50  sentence_images.o(.constdata)
    P                                        0x0003b6da   Data          50  sentence_images.o(.constdata)
    Q                                        0x0003b70c   Data          50  sentence_images.o(.constdata)
    R                                        0x0003b73e   Data          50  sentence_images.o(.constdata)
    S                                        0x0003b770   Data          50  sentence_images.o(.constdata)
    T                                        0x0003b7a2   Data          50  sentence_images.o(.constdata)
    U                                        0x0003b7d4   Data          50  sentence_images.o(.constdata)
    V                                        0x0003b806   Data          50  sentence_images.o(.constdata)
    W                                        0x0003b838   Data          50  sentence_images.o(.constdata)
    Xx                                       0x0003b86a   Data          50  sentence_images.o(.constdata)
    Y                                        0x0003b89c   Data          50  sentence_images.o(.constdata)
    Z                                        0x0003b8ce   Data          50  sentence_images.o(.constdata)
    Zero                                     0x0003b900   Data          50  sentence_images.o(.constdata)
    One                                      0x0003b932   Data          50  sentence_images.o(.constdata)
    Two                                      0x0003b964   Data          50  sentence_images.o(.constdata)
    Three                                    0x0003b996   Data          50  sentence_images.o(.constdata)
    Four                                     0x0003b9c8   Data          50  sentence_images.o(.constdata)
    Five                                     0x0003b9fa   Data          50  sentence_images.o(.constdata)
    Six                                      0x0003ba2c   Data          50  sentence_images.o(.constdata)
    Seven                                    0x0003ba5e   Data          50  sentence_images.o(.constdata)
    Eight                                    0x0003ba90   Data          50  sentence_images.o(.constdata)
    Nine                                     0x0003bac2   Data          50  sentence_images.o(.constdata)
    InputPortMsg                             0x0003baf4   Data          40  texas.o(.constdata)
    OutputPortMsg                            0x0003bb1c   Data          40  texas.o(.constdata)
    BlankMsg                                 0x0003bb44   Data          40  texas.o(.constdata)
    InitializedMsg                           0x0003bb6c   Data          40  texas.o(.constdata)
    IntroMsg                                 0x0003bb94   Data          40  texas.o(.constdata)
    DoneMsg                                  0x0003bbbc   Data          40  texas.o(.constdata)
    Region$$Table$$Base                      0x0003bbe4   Number         0  anon$$obj.o(Region$$Table)
    Region$$Table$$Limit                     0x0003bc04   Number         0  anon$$obj.o(Region$$Table)
    PeriodicTask0                            0x20000000   Data           4  timer0.o(.data)
    PeriodicTask1                            0x20000004   Data           4  timer1.o(.data)
    cur_sound                                0x20000008   Data           1  sound.o(.data)
    index_kill                               0x2000000c   Data           4  sound.o(.data)
    index_sword                              0x20000010   Data           4  sound.o(.data)
    index_hit                                0x20000014   Data           4  sound.o(.data)
    index_hurt                               0x20000018   Data           4  sound.o(.data)
    index_getheart                           0x2000001c   Data           4  sound.o(.data)
    index_arrow                              0x20000020   Data           4  sound.o(.data)
    index_bombBlow                           0x20000024   Data           4  sound.o(.data)
    index_bossScream2                        0x20000028   Data           4  sound.o(.data)
    index_die                                0x2000002c   Data           4  sound.o(.data)
    index_secret                             0x20000030   Data           4  sound.o(.data)
    index_intro                              0x20000034   Data           4  sound.o(.data)
    index_overworld                          0x20000038   Data           4  sound.o(.data)
    index_dungeon                            0x2000003c   Data           4  sound.o(.data)
    cur_music                                0x20000040   Data           1  sound.o(.data)
    StX                                      0x20000044   Data           4  st7735.o(.data)
    StY                                      0x20000048   Data           4  st7735.o(.data)
    StTextColor                              0x2000004c   Data           2  st7735.o(.data)
    lastj                                    0x20000054   Data           4  st7735.o(.data)
    Messageindex                             0x2000005c   Data           4  st7735.o(.data)
    Ymax                                     0x20000060   Data           4  st7735.o(.data)
    Ymin                                     0x20000064   Data           4  st7735.o(.data)
    X                                        0x20000068   Data           4  st7735.o(.data)
    Yrange                                   0x2000006c   Data           4  st7735.o(.data)
    mapPt                                    0x20000070   Data           1  legendofzelda.o(.data)
    updateMap                                0x20000071   Data           1  legendofzelda.o(.data)
    nextMap                                  0x20000072   Data           1  legendofzelda.o(.data)
    updateSprites                            0x20000073   Data           1  legendofzelda.o(.data)
    updateHeart                              0x20000074   Data           1  legendofzelda.o(.data)
    selectScreen                             0x20000075   Data           1  legendofzelda.o(.data)
    selectDown                               0x20000076   Data           1  legendofzelda.o(.data)
    selectUp                                 0x20000077   Data           1  legendofzelda.o(.data)
    selectChange                             0x20000078   Data           1  legendofzelda.o(.data)
    updateSelect                             0x20000079   Data           1  legendofzelda.o(.data)
    attackDown                               0x2000007a   Data           1  legendofzelda.o(.data)
    attackUp                                 0x2000007b   Data           1  legendofzelda.o(.data)
    characterPt                              0x2000007c   Data           1  legendofzelda.o(.data)
    numCharacters                            0x2000007d   Data           1  legendofzelda.o(.data)
    numSpritesMoving                         0x2000007e   Data           1  legendofzelda.o(.data)
    invicCounter                             0x2000007f   Data           1  legendofzelda.o(.data)
    moveCounter                              0x20000080   Data           1  legendofzelda.o(.data)
    itemPt                                   0x20000081   Data           1  legendofzelda.o(.data)
    itemDropped                              0x20000082   Data           1  legendofzelda.o(.data)
    updateItems                              0x20000083   Data           1  legendofzelda.o(.data)
    triForcePieces                           0x20000084   Data           1  legendofzelda.o(.data)
    openBoss                                 0x20000085   Data           1  legendofzelda.o(.data)
    activeItem                               0x20000086   Data           1  legendofzelda.o(.data)
    useItem                                  0x20000087   Data           1  legendofzelda.o(.data)
    bombCountdown                            0x20000088   Data           1  legendofzelda.o(.data)
    bombCountingDown                         0x20000089   Data           1  legendofzelda.o(.data)
    PotionCountDown                          0x2000008a   Data           1  legendofzelda.o(.data)
    cloudCountdown                           0x2000008b   Data           1  legendofzelda.o(.data)
    cloudCountingDown                        0x2000008c   Data           1  legendofzelda.o(.data)
    itemCoolDown                             0x2000008d   Data           1  legendofzelda.o(.data)
    score                                    0x20000090   Data           4  legendofzelda.o(.data)
    updateScore                              0x20000094   Data           1  legendofzelda.o(.data)
    swordActive                              0x20000095   Data           1  legendofzelda.o(.data)
    fireAnimationCounter                     0x20000096   Data           1  legendofzelda.o(.data)
    bossAlive                                0x20000097   Data           1  legendofzelda.o(.data)
    deathScreen                              0x20000098   Data           1  legendofzelda.o(.data)
    completeScreen                           0x20000099   Data           1  legendofzelda.o(.data)
    completeTaskOnce                         0x2000009a   Data           1  legendofzelda.o(.data)
    gameFinished                             0x2000009b   Data           1  legendofzelda.o(.data)
    invincibility                            0x2000009c   Data           1  legendofzelda.o(.data)
    Characters                               0x2000009e   Data         144  legendofzelda.o(.data)
    ActiveItems                              0x2000012e   Data         120  legendofzelda.o(.data)
    UseItem                                  0x200001a6   Data          12  legendofzelda.o(.data)
    WorldMap                                 0x200001b2   Data         270  legendofzelda.o(.data)
    Tile                                     0x200002c0   Data         132  tiles.o(.data)
    OverWorld0                               0x20000344   Data          80  map.o(.data)
    OverWorld1                               0x20000394   Data          80  map.o(.data)
    OverWorld2                               0x200003e4   Data          80  map.o(.data)
    OverWorld3                               0x20000434   Data          80  map.o(.data)
    OverWorld4                               0x20000484   Data          80  map.o(.data)
    OverWorld5                               0x200004d4   Data          80  map.o(.data)
    OverWorld6                               0x20000524   Data          80  map.o(.data)
    OverWorld7                               0x20000574   Data          80  map.o(.data)
    OverWorld8                               0x200005c4   Data          80  map.o(.data)
    OverWorld9                               0x20000614   Data          80  map.o(.data)
    OverWorld10                              0x20000664   Data          80  map.o(.data)
    OverWorld11                              0x200006b4   Data          80  map.o(.data)
    OverWorld13                              0x20000704   Data          80  map.o(.data)
    OverWorld14                              0x20000754   Data          80  map.o(.data)
    Door1                                    0x200007a4   Data          80  map.o(.data)
    Dungeon1                                 0x200007f4   Data          80  map.o(.data)
    Dungeon2                                 0x20000844   Data          80  map.o(.data)
    OverWorld12                              0x20000894   Data          80  map.o(.data)
    Maps                                     0x200008e4   Data         720  map.o(.data)
    currentMap                               0x20000bb4   Data           1  map.o(.data)
    xpos                                     0x20000bb5   Data           1  grid.o(.data)
    ypos                                     0x20000bb6   Data           1  grid.o(.data)
    updateSprite                             0x20000bb7   Data           1  sprites.o(.data)
    spriteAttacking                          0x20000bb8   Data           1  sprites.o(.data)
    Sprite                                   0x20000bbc   Data         440  sprite_images.o(.data)
    Item                                     0x20000d74   Data         136  sprite_images.o(.data)
    Alphabet                                 0x20000dfc   Data         104  sentence_images.o(.data)
    Numbers                                  0x20000e64   Data          40  sentence_images.o(.data)
    TExaS_Period                             0x20000e8c   Data           4  texas.o(.data)
    TExaS_Ports                              0x20000e90   Data           8  texas.o(.data)
    TExaS_Meter                              0x20000e98   Data           4  texas.o(.data)
    ADCnum                                   0x20000e9c   Data           4  texas.o(.data)
    LastMode                                 0x20000ea0   Data           4  texas.o(.data)
    bFlag                                    0x20000ea4   Data           4  texas.o(.data)
    Count                                    0x20000ea8   Data           4  texas.o(.data)
    DelayBetweenTests                        0x20000eac   Data           4  texas.o(.data)
    TExaS_Test                               0x20000eb0   Data           4  texas.o(.data)
    ScopeMode                                0x20000eb4   Data           4  texas.o(.data)
    ScopeCount                               0x20000eb8   Data           4  texas.o(.data)
    MapGrid                                  0x20000ec0   Data          80  grid.o(.bss)
    LinkGrid                                 0x20000f10   Data          80  grid.o(.bss)
    EnemyGrid                                0x20000f60   Data          80  grid.o(.bss)
    ItemGrid                                 0x20000fb0   Data          80  grid.o(.bss)
    TExaS                                    0x20001000   Data          56  texas.o(.bss)
    __libspace_start                         0x20001038   Data          96  libspace.o(.bss)
    __temporary_stack_top$libspace           0x20001098   Data           0  libspace.o(.bss)



==============================================================================

Memory Map of the image

  Image Entry point : 0x0000026d

  Load Region LR_1 (Base: 0x00000000, Size: 0x0003cac4, Max: 0xffffffff, ABSOLUTE, COMPRESSED[0x0003c0e0])

    Execution Region ER_RO (Base: 0x00000000, Size: 0x0003bc04, Max: 0xffffffff, ABSOLUTE)

    Base Addr    Size         Type   Attr      Idx    E Section Name        Object

    0x00000000   0x00000284   Code   RO            3  * RESET               startup.o
    0x00000284   0x00000008   Code   RO          977  * !!!main             c_w.l(__main.o)
    0x0000028c   0x00000034   Code   RO         1133    !!!scatter          c_w.l(__scatter.o)
    0x000002c0   0x0000005a   Code   RO         1131    !!dczerorl2         c_w.l(__dczerorl2.o)
    0x0000031a   0x00000002   PAD
    0x0000031c   0x0000001c   Code   RO         1135    !!handler_zi        c_w.l(__scatter_zi.o)
    0x00000338   0x00000002   Code   RO         1004    .ARM.Collect$$libinit$$00000000  c_w.l(libinit.o)
    0x0000033a   0x00000000   Code   RO         1011    .ARM.Collect$$libinit$$00000002  c_w.l(libinit2.o)
    0x0000033a   0x00000000   Code   RO         1014    .ARM.Collect$$libinit$$00000008  c_w.l(libinit2.o)
    0x0000033a   0x00000000   Code   RO         1016    .ARM.Collect$$libinit$$0000000A  c_w.l(libinit2.o)
    0x0000033a   0x00000000   Code   RO         1018    .ARM.Collect$$libinit$$0000000C  c_w.l(libinit2.o)
    0x0000033a   0x00000000   Code   RO         1021    .ARM.Collect$$libinit$$0000000F  c_w.l(libinit2.o)
    0x0000033a   0x00000000   Code   RO         1023    .ARM.Collect$$libinit$$00000011  c_w.l(libinit2.o)
    0x0000033a   0x00000000   Code   RO         1025    .ARM.Collect$$libinit$$00000013  c_w.l(libinit2.o)
    0x0000033a   0x00000000   Code   RO         1027    .ARM.Collect$$libinit$$00000015  c_w.l(libinit2.o)
    0x0000033a   0x00000000   Code   RO         1029    .ARM.Collect$$libinit$$00000017  c_w.l(libinit2.o)
    0x0000033a   0x00000000   Code   RO         1031    .ARM.Collect$$libinit$$00000019  c_w.l(libinit2.o)
    0x0000033a   0x00000000   Code   RO         1033    .ARM.Collect$$libinit$$0000001B  c_w.l(libinit2.o)
    0x0000033a   0x00000000   Code   RO         1035    .ARM.Collect$$libinit$$0000001D  c_w.l(libinit2.o)
    0x0000033a   0x00000000   Code   RO         1037    .ARM.Collect$$libinit$$0000001F  c_w.l(libinit2.o)
    0x0000033a   0x00000000   Code   RO         1039    .ARM.Collect$$libinit$$00000021  c_w.l(libinit2.o)
    0x0000033a   0x00000000   Code   RO         1041    .ARM.Collect$$libinit$$00000023  c_w.l(libinit2.o)
    0x0000033a   0x00000000   Code   RO         1045    .ARM.Collect$$libinit$$0000002A  c_w.l(libinit2.o)
    0x0000033a   0x00000000   Code   RO         1047    .ARM.Collect$$libinit$$0000002C  c_w.l(libinit2.o)
    0x0000033a   0x00000000   Code   RO         1049    .ARM.Collect$$libinit$$0000002E  c_w.l(libinit2.o)
    0x0000033a   0x00000000   Code   RO         1051    .ARM.Collect$$libinit$$00000030  c_w.l(libinit2.o)
    0x0000033a   0x00000002   Code   RO         1052    .ARM.Collect$$libinit$$00000031  c_w.l(libinit2.o)
    0x0000033c   0x00000002   Code   RO         1072    .ARM.Collect$$libshutdown$$00000000  c_w.l(libshutdown.o)
    0x0000033e   0x00000000   Code   RO         1086    .ARM.Collect$$libshutdown$$00000003  c_w.l(libshutdown2.o)
    0x0000033e   0x00000000   Code   RO         1089    .ARM.Collect$$libshutdown$$00000006  c_w.l(libshutdown2.o)
    0x0000033e   0x00000000   Code   RO         1092    .ARM.Collect$$libshutdown$$00000009  c_w.l(libshutdown2.o)
    0x0000033e   0x00000000   Code   RO         1094    .ARM.Collect$$libshutdown$$0000000B  c_w.l(libshutdown2.o)
    0x0000033e   0x00000000   Code   RO         1097    .ARM.Collect$$libshutdown$$0000000E  c_w.l(libshutdown2.o)
    0x0000033e   0x00000002   Code   RO         1098    .ARM.Collect$$libshutdown$$0000000F  c_w.l(libshutdown2.o)
    0x00000340   0x00000000   Code   RO          979    .ARM.Collect$$rtentry$$00000000  c_w.l(rtentry.o)
    0x00000340   0x00000000   Code   RO          981    .ARM.Collect$$rtentry$$00000002  c_w.l(rtentry2.o)
    0x00000340   0x00000006   Code   RO          993    .ARM.Collect$$rtentry$$00000004  c_w.l(rtentry4.o)
    0x00000346   0x00000000   Code   RO          983    .ARM.Collect$$rtentry$$00000009  c_w.l(rtentry2.o)
    0x00000346   0x00000004   Code   RO          984    .ARM.Collect$$rtentry$$0000000A  c_w.l(rtentry2.o)
    0x0000034a   0x00000000   Code   RO          986    .ARM.Collect$$rtentry$$0000000C  c_w.l(rtentry2.o)
    0x0000034a   0x00000008   Code   RO          987    .ARM.Collect$$rtentry$$0000000D  c_w.l(rtentry2.o)
    0x00000352   0x00000002   Code   RO         1008    .ARM.Collect$$rtexit$$00000000  c_w.l(rtexit.o)
    0x00000354   0x00000000   Code   RO         1054    .ARM.Collect$$rtexit$$00000002  c_w.l(rtexit2.o)
    0x00000354   0x00000004   Code   RO         1055    .ARM.Collect$$rtexit$$00000003  c_w.l(rtexit2.o)
    0x00000358   0x00000006   Code   RO         1056    .ARM.Collect$$rtexit$$00000004  c_w.l(rtexit2.o)
    0x0000035e   0x00000002   PAD
    0x00000360   0x00000030   Code   RO            4    .text               startup.o
    0x00000390   0x00000040   Code   RO           13    .text               random.o
    0x000003d0   0x00000050   Code   RO          174    .text               lcd.o
    0x00000420   0x000004a0   Code   RO          954    .text               texas.o
    0x000008c0   0x00000064   Code   RO          973    .text               c_w.l(rt_memcpy_w.o)
    0x00000924   0x00000006   Code   RO          975    .text               c_w.l(heapauxi.o)
    0x0000092a   0x0000004a   Code   RO          995    .text               c_w.l(sys_stackheap_outer.o)
    0x00000974   0x0000000c   Code   RO          997    .text               c_w.l(exit.o)
    0x00000980   0x00000008   Code   RO         1005    .text               c_w.l(libspace.o)
    0x00000988   0x0000000c   Code   RO         1064    .text               c_w.l(sys_exit.o)
    0x00000994   0x00000002   Code   RO         1075    .text               c_w.l(use_no_semi.o)
    0x00000996   0x00000000   Code   RO         1077    .text               c_w.l(indicate_semi.o)
    0x00000996   0x00000002   PAD
    0x00000998   0x0000002c   Code   RO          813    i.ADC_In            adc.o
    0x000009c4   0x000000cc   Code   RO          814    i.ADC_Init          adc.o
    0x00000a90   0x00000160   Code   RO          458    i.Character_Item_World_Init  legendofzelda.o
    0x00000bf0   0x00000204   Code   RO          180    i.CleanRect         st7735.o
    0x00000df4   0x00000058   Code   RO           16    i.DAC_Init          dac.o
    0x00000e4c   0x00000028   Code   RO           17    i.DAC_Out           dac.o
    0x00000e74   0x00000024   Code   RO          459    i.Delay100ms        legendofzelda.o
    0x00000e98   0x00000020   Code   RO          181    i.Delay1ms          st7735.o
    0x00000eb8   0x000001f4   Code   RO          460    i.Generate_Sprite_Random  legendofzelda.o
    0x000010ac   0x00000010   Code   RO          184    i.Output_Init       st7735.o
    0x000010bc   0x00000460   Code   RO          461    i.Play_Game         legendofzelda.o
    0x0000151c   0x000000cc   Code   RO          462    i.Port_Init         legendofzelda.o
    0x000015e8   0x00000120   Code   RO          188    i.ST7735_DrawBitmap  st7735.o
    0x00001708   0x000000ac   Code   RO          195    i.ST7735_FillRect   st7735.o
    0x000017b4   0x00000024   Code   RO          196    i.ST7735_FillScreen  st7735.o
    0x000017d8   0x0000007c   Code   RO          198    i.ST7735_InitR      st7735.o
    0x00001854   0x00000020   Code   RO          211    i.ST7735_SetCursor  st7735.o
    0x00001874   0x00000018   Code   RO           83    i.Sound_Init        sound.o
    0x0000188c   0x00000230   Code   RO          215    i.SpriteDraw        st7735.o
    0x00001abc   0x000003f4   Code   RO          463    i.SysTick_Handler   legendofzelda.o
    0x00001eb0   0x00000040   Code   RO          610    i.SysTick_Init      systickints.o
    0x00001ef0   0x00000018   Code   RO           41    i.Timer0A_Handler   timer0.o
    0x00001f08   0x00000060   Code   RO           42    i.Timer0_Init       timer0.o
    0x00001f68   0x00000018   Code   RO           62    i.Timer1A_Handler   timer1.o
    0x00001f80   0x00000060   Code   RO           63    i.Timer1_Init       timer1.o
    0x00001fe0   0x000002c0   Code   RO           84    i._soundTask        sound.o
    0x000022a0   0x000004b4   Code   RO          464    i.bomb_Physics      legendofzelda.o
    0x00002754   0x00000054   Code   RO          622    i.canPlaceItem      grid.o
    0x000027a8   0x00000014   Code   RO          874    i.centerY           sentence.o
    0x000027bc   0x00000094   Code   RO          716    i.checkAttacked     sprites.o
    0x00002850   0x000000b4   Code   RO          717    i.checkBombAttacked  sprites.o
    0x00002904   0x00000118   Code   RO          718    i.checkEnemyAttacked  sprites.o
    0x00002a1c   0x000000a8   Code   RO          623    i.checkMove         grid.o
    0x00002ac4   0x00000078   Code   RO          831    i.cleanItem         items.o
    0x00002b3c   0x00000066   Code   RO          720    i.cleanSprite       sprites.o
    0x00002ba2   0x00000002   PAD
    0x00002ba4   0x0000008c   Code   RO          624    i.clearGridPosition  grid.o
    0x00002c30   0x00000028   Code   RO          625    i.clearItemGrid     grid.o
    0x00002c58   0x00000056   Code   RO          216    i.commandList       st7735.o
    0x00002cae   0x00000002   PAD
    0x00002cb0   0x00000184   Code   RO          217    i.commonInit        st7735.o
    0x00002e34   0x00000042   Code   RO          875    i.drawCharacter     sentence.o
    0x00002e76   0x000000ba   Code   RO          832    i.drawCloud         items.o
    0x00002f30   0x00000198   Code   RO          833    i.drawDoorItems     items.o
    0x000030c8   0x00000032   Code   RO          834    i.drawFinalRoom     items.o
    0x000030fa   0x0000002a   Code   RO          835    i.drawItem          items.o
    0x00003124   0x00000084   Code   RO          577    i.drawMap           map.o
    0x000031a8   0x00000082   Code   RO          876    i.drawNumber        sentence.o
    0x0000322a   0x000001ba   Code   RO          836    i.drawSelection     items.o
    0x000033e4   0x00000034   Code   RO          877    i.drawSentence      sentence.o
    0x00003418   0x000000c4   Code   RO          721    i.drawSprite        sprites.o
    0x000034dc   0x00000054   Code   RO          578    i.drawTile          map.o
    0x00003530   0x0000000c   Code   RO          878    i.floatRight        sentence.o
    0x0000353c   0x00000014   Code   RO          910    i.getItem           sprite_images.o
    0x00003550   0x00000010   Code   RO          932    i.getLetter         sentence_images.o
    0x00003560   0x0000002c   Code   RO          579    i.getMapTile        map.o
    0x0000358c   0x00000050   Code   RO          626    i.getNextMap        grid.o
    0x000035dc   0x00000010   Code   RO          933    i.getNumber         sentence_images.o
    0x000035ec   0x00000024   Code   RO          911    i.getSprite         sprite_images.o
    0x00003610   0x0000005c   Code   RO          627    i.getSpriteLocationX  grid.o
    0x0000366c   0x00000064   Code   RO          628    i.getSpriteLocationY  grid.o
    0x000036d0   0x00000010   Code   RO          561    i.getTile           tiles.o
    0x000036e0   0x00000008   Code   RO          722    i.gridPositionX     sprites.o
    0x000036e8   0x00000008   Code   RO          723    i.gridPositionY     sprites.o
    0x000036f0   0x00000018   Code   RO          629    i.isLocationClear   grid.o
    0x00003708   0x0000005c   Code   RO          630    i.itemPickedUp      grid.o
    0x00003764   0x00000288   Code   RO          465    i.main              legendofzelda.o
    0x000039ec   0x0000000c   Code   RO          724    i.moveSprite        sprites.o
    0x000039f8   0x00000080   Code   RO          631    i.placeItem         grid.o
    0x00003a78   0x00000018   Code   RO           86    i.playBombBlow      sound.o
    0x00003a90   0x00000018   Code   RO           87    i.playBossScream2   sound.o
    0x00003aa8   0x00000018   Code   RO           88    i.playDie           sound.o
    0x00003ac0   0x00000018   Code   RO           89    i.playGetHeart      sound.o
    0x00003ad8   0x00000018   Code   RO           90    i.playHit           sound.o
    0x00003af0   0x00000018   Code   RO           91    i.playHurt          sound.o
    0x00003b08   0x00000014   Code   RO           92    i.playKill          sound.o
    0x00003b1c   0x0000003c   Code   RO           93    i.playMusic         sound.o
    0x00003b58   0x00000018   Code   RO           94    i.playSecret        sound.o
    0x00003b70   0x00000018   Code   RO           95    i.playSword         sound.o
    0x00003b88   0x000000c8   Code   RO          580    i.reDrawTile        map.o
    0x00003c50   0x00000074   Code   RO          223    i.setAddrWindow     st7735.o
    0x00003cc4   0x000000c0   Code   RO          632    i.setGrid           grid.o
    0x00003d84   0x0000008c   Code   RO          633    i.setGridPosition   grid.o
    0x00003e10   0x000000e0   Code   RO          725    i.setSpriteAnimation  sprites.o
    0x00003ef0   0x0000011c   Code   RO          726    i.setSpriteLocation  sprites.o
    0x0000400c   0x00000028   Code   RO          727    i.setTimer          sprites.o
    0x00004034   0x00000160   Code   RO          728    i.spriteAttack      sprites.o
    0x00004194   0x000000a0   Code   RO          729    i.spriteInit        sprites.o
    0x00004234   0x000000ec   Code   RO          635    i.spriteMove        grid.o
    0x00004320   0x0000050c   Code   RO          466    i.update_Attack     legendofzelda.o
    0x0000482c   0x000000a8   Code   RO          467    i.update_Hearts     legendofzelda.o
    0x000048d4   0x000001dc   Code   RO          468    i.update_Items      legendofzelda.o
    0x00004ab0   0x00000450   Code   RO          469    i.update_Map        legendofzelda.o
    0x00004f00   0x00000098   Code   RO          470    i.update_Score      legendofzelda.o
    0x00004f98   0x000002cc   Code   RO          471    i.update_Sprites    legendofzelda.o
    0x00005264   0x000000f0   Code   RO          472    i.use_Item          legendofzelda.o
    0x00005354   0x00027f91   Data   RO           96    .constdata          sound.o
    0x0002d2e5   0x000007e2   Data   RO          225    .constdata          st7735.o
    0x0002dac7   0x00000001   PAD
    0x0002dac8   0x00003e00   Data   RO          562    .constdata          tiles.o
    0x000318c8   0x00009b24   Data   RO          912    .constdata          sprite_images.o
    0x0003b3ec   0x00000708   Data   RO          934    .constdata          sentence_images.o
    0x0003baf4   0x000000f0   Data   RO          956    .constdata          texas.o
    0x0003bbe4   0x00000020   Data   RO         1129    Region$$Table       anon$$obj.o


    Execution Region ER_RW (Base: 0x20000000, Size: 0x00000ec0, Max: 0xffffffff, ABSOLUTE, COMPRESSED[0x000004dc])

    Base Addr    Size         Type   Attr      Idx    E Section Name        Object

    0x20000000   0x00000004   Data   RW           43    .data               timer0.o
    0x20000004   0x00000004   Data   RW           64    .data               timer1.o
    0x20000008   0x0000003a   Data   RW           97    .data               sound.o
    0x20000042   0x00000002   PAD
    0x20000044   0x0000002c   Data   RW          226    .data               st7735.o
    0x20000070   0x00000250   Data   RW          473    .data               legendofzelda.o
    0x200002c0   0x00000084   Data   RW          563    .data               tiles.o
    0x20000344   0x00000871   Data   RW          581    .data               map.o
    0x20000bb5   0x00000002   Data   RW          637    .data               grid.o
    0x20000bb7   0x00000002   Data   RW          730    .data               sprites.o
    0x20000bb9   0x00000003   PAD
    0x20000bbc   0x00000240   Data   RW          913    .data               sprite_images.o
    0x20000dfc   0x00000090   Data   RW          935    .data               sentence_images.o
    0x20000e8c   0x00000030   Data   RW          957    .data               texas.o
    0x20000ebc   0x00000004   Data   RW           12    DATA                random.o


    Execution Region ER_ZI (Base: 0x20000ec0, Size: 0x000005d8, Max: 0xffffffff, ABSOLUTE)

    Base Addr    Size         Type   Attr      Idx    E Section Name        Object

    0x20000ec0   0x00000140   Zero   RW          636    .bss                grid.o
    0x20001000   0x00000038   Zero   RW          955    .bss                texas.o
    0x20001038   0x00000060   Zero   RW         1006    .bss                c_w.l(libspace.o)
    0x20001098   0x00000000   Zero   RW            2    HEAP                startup.o
    0x20001098   0x00000400   Zero   RW            1    STACK               startup.o

