<html>
<body>
<pre>
<h1>µVision Build Log</h1>
<h2>Project:</h2>
C:\Users\Me\Documents\Classes\Spring 2016\EE 319K\Labs\students\cci273_xp572\Lab10\LegendofZelda.uvproj
Project File Date:  05/04/2016

<h2>Output:</h2>
Build target 'LegendofZelda'
compiling Grid.c...
linking...
Program Size: Code=21364 RO-data=223408 RW-data=3672 ZI-data=1496  
".\LegendofZelda.axf" - 0 Error(s), 0 Warning(s).
Load "C:\\Users\\Me\\Documents\\Classes\\Spring 2016\\EE 319K\\Labs\\students\\cci273_xp572\\Lab10\\LegendofZelda.axf" 
Connecting: Mode=JTAG, Speed=1000000Hz
Erase Done.
Programming Done.
Verify OK.
</pre>
</body>
</html>
has been cancelled. Debugger aborted !
19K\\Labs\\students\\cci273_xp572\\Lab10\\LegendofZelda.axf" 
Connecting: Mode=JTAG, Speed=1000000Hz
Erase Done.
Programming Done.
Verify OK.
